  main.cpp
  WGraphMST.cpp
C:\Users\USER\Documents\data-structure-lab-2026-4\Lec10_Graph\Lec10_Graph\AdjMatGraph.h(86,30): warning C4477: 'fscanf_s' : 서식 문자열 '%s'에 'unsigned int' 형식의 인수가 필요하지만 variadic 인수 2의 형식이 'size_t'입니다.
  (소스 파일 'main.cpp'을(를) 컴파일하는 중)
  C:\Users\USER\Documents\data-structure-lab-2026-4\Lec10_Graph\Lec10_Graph\AdjMatGraph.h(86,30):
  이 인수는 버퍼 크기로 사용됩니다.
  
C:\Users\USER\Documents\data-structure-lab-2026-4\Lec10_Graph\Lec10_Graph\AdjMatGraph.h(81,20): warning C4101: 'val' :참조되지 않은 지역 변수입니다.
  (소스 파일 'main.cpp'을(를) 컴파일하는 중)
  
C:\Users\USER\Documents\data-structure-lab-2026-4\Lec10_Graph\Lec10_Graph\SrchAMGraph.h(1,19): error C2011: 'SrchAMGraph': 'class' 형식 재정의
  (소스 파일 'main.cpp'을(를) 컴파일하는 중)
  C:\Users\USER\Documents\data-structure-lab-2026-4\Lec10_Graph\Lec10_Graph\AdjMatGraph.h(47,7):
  'SrchAMGraph' 선언을 참조하십시오.
  
C:\Users\USER\Documents\data-structure-lab-2026-4\Lec10_Graph\Lec10_Graph\main.cpp(6,1): warning C4326: 'main'의 반환 형식이 'int'이어야 하는데 'void'입니다.
C:\Users\USER\Documents\data-structure-lab-2026-4\Lec10_Graph\Lec10_Graph\main.cpp(27,14): error C2079: 'g'은(는) 정의되지 않은 class 'SrchAMGraph'을(를) 사용합니다.
C:\Users\USER\Documents\data-structure-lab-2026-4\Lec10_Graph\Lec10_Graph\WGraphMST.h(1,26): error C2504: 'WGraph': 기본 클래스를 정의하지 않았습니다.
  (소스 파일 'WGraphMST.cpp'을(를) 컴파일하는 중)
  
C:\Users\USER\Documents\data-structure-lab-2026-4\Lec10_Graph\Lec10_Graph\WGraphMST.h(4,9): error C2065: 'MinHeap': 선언되지 않은 식별자입니다.
  (소스 파일 'WGraphMST.cpp'을(를) 컴파일하는 중)
  
C:\Users\USER\Documents\data-structure-lab-2026-4\Lec10_Graph\Lec10_Graph\WGraphMST.h(4,17): error C2146: 구문 오류: ';'이(가) 'heap' 식별자 앞에 없습니다.
  (소스 파일 'WGraphMST.cpp'을(를) 컴파일하는 중)
  
C:\Users\USER\Documents\data-structure-lab-2026-4\Lec10_Graph\Lec10_Graph\WGraphMST.h(4,17): error C2065: 'heap': 선언되지 않은 식별자입니다.
  (소스 파일 'WGraphMST.cpp'을(를) 컴파일하는 중)
  
C:\Users\USER\Documents\data-structure-lab-2026-4\Lec10_Graph\Lec10_Graph\WGraphMST.h(5,29): error C2065: 'size': 선언되지 않은 식별자입니다.
  (소스 파일 'WGraphMST.cpp'을(를) 컴파일하는 중)
  
C:\Users\USER\Documents\data-structure-lab-2026-4\Lec10_Graph\Lec10_Graph\WGraphMST.h(6,37): error C2065: 'size': 선언되지 않은 식별자입니다.
  (소스 파일 'WGraphMST.cpp'을(를) 컴파일하는 중)
  
C:\Users\USER\Documents\data-structure-lab-2026-4\Lec10_Graph\Lec10_Graph\WGraphMST.h(7,21): error C3861: 'hasEdge': 식별자를 찾을 수 없습니다.
  (소스 파일 'WGraphMST.cpp'을(를) 컴파일하는 중)
  
C:\Users\USER\Documents\data-structure-lab-2026-4\Lec10_Graph\Lec10_Graph\WGraphMST.h(8,21): error C2065: 'heap': 선언되지 않은 식별자입니다.
  (소스 파일 'WGraphMST.cpp'을(를) 컴파일하는 중)
  
C:\Users\USER\Documents\data-structure-lab-2026-4\Lec10_Graph\Lec10_Graph\WGraphMST.h(8,33): error C3861: 'getEdge': 식별자를 찾을 수 없습니다.
  (소스 파일 'WGraphMST.cpp'을(를) 컴파일하는 중)
  
C:\Users\USER\Documents\data-structure-lab-2026-4\Lec10_Graph\Lec10_Graph\WGraphMST.h(9,9): error C2065: 'VertexSets': 선언되지 않은 식별자입니다.
  (소스 파일 'WGraphMST.cpp'을(를) 컴파일하는 중)
  
C:\Users\USER\Documents\data-structure-lab-2026-4\Lec10_Graph\Lec10_Graph\WGraphMST.h(9,20): error C2146: 구문 오류: ';'이(가) 'set' 식별자 앞에 없습니다.
  (소스 파일 'WGraphMST.cpp'을(를) 컴파일하는 중)
  
C:\Users\USER\Documents\data-structure-lab-2026-4\Lec10_Graph\Lec10_Graph\WGraphMST.h(9,24): error C2065: 'size': 선언되지 않은 식별자입니다.
  (소스 파일 'WGraphMST.cpp'을(를) 컴파일하는 중)
  
C:\Users\USER\Documents\data-structure-lab-2026-4\Lec10_Graph\Lec10_Graph\WGraphMST.h(9,20): error C3861: 'set': 식별자를 찾을 수 없습니다.
  (소스 파일 'WGraphMST.cpp'을(를) 컴파일하는 중)
  
C:\Users\USER\Documents\data-structure-lab-2026-4\Lec10_Graph\Lec10_Graph\WGraphMST.h(11,31): error C2065: 'size': 선언되지 않은 식별자입니다.
  (소스 파일 'WGraphMST.cpp'을(를) 컴파일하는 중)
  
C:\Users\USER\Documents\data-structure-lab-2026-4\Lec10_Graph\Lec10_Graph\WGraphMST.h(12,13): error C2065: 'HeapNode': 선언되지 않은 식별자입니다.
  (소스 파일 'WGraphMST.cpp'을(를) 컴파일하는 중)
  
C:\Users\USER\Documents\data-structure-lab-2026-4\Lec10_Graph\Lec10_Graph\WGraphMST.h(12,23): error C2065: 'e': 선언되지 않은 식별자입니다.
  (소스 파일 'WGraphMST.cpp'을(를) 컴파일하는 중)
  
C:\Users\USER\Documents\data-structure-lab-2026-4\Lec10_Graph\Lec10_Graph\WGraphMST.h(12,27): error C2065: 'heap': 선언되지 않은 식별자입니다.
  (소스 파일 'WGraphMST.cpp'을(를) 컴파일하는 중)
  
C:\Users\USER\Documents\data-structure-lab-2026-4\Lec10_Graph\Lec10_Graph\WGraphMST.h(13,24): error C2065: 'set': 선언되지 않은 식별자입니다.
  (소스 파일 'WGraphMST.cpp'을(를) 컴파일하는 중)
  
C:\Users\USER\Documents\data-structure-lab-2026-4\Lec10_Graph\Lec10_Graph\WGraphMST.h(13,36): error C2065: 'e': 선언되지 않은 식별자입니다.
  (소스 파일 'WGraphMST.cpp'을(를) 컴파일하는 중)
  
C:\Users\USER\Documents\data-structure-lab-2026-4\Lec10_Graph\Lec10_Graph\WGraphMST.h(14,24): error C2065: 'set': 선언되지 않은 식별자입니다.
  (소스 파일 'WGraphMST.cpp'을(를) 컴파일하는 중)
  
C:\Users\USER\Documents\data-structure-lab-2026-4\Lec10_Graph\Lec10_Graph\WGraphMST.h(14,36): error C2065: 'e': 선언되지 않은 식별자입니다.
  (소스 파일 'WGraphMST.cpp'을(를) 컴파일하는 중)
  
C:\Users\USER\Documents\data-structure-lab-2026-4\Lec10_Graph\Lec10_Graph\WGraphMST.h(17,31): error C2065: 'e': 선언되지 않은 식별자입니다.
  (소스 파일 'WGraphMST.cpp'을(를) 컴파일하는 중)
  
C:\Users\USER\Documents\data-structure-lab-2026-4\Lec10_Graph\Lec10_Graph\WGraphMST.h(17,21): error C3861: 'getVertex': 식별자를 찾을 수 없습니다.
  (소스 파일 'WGraphMST.cpp'을(를) 컴파일하는 중)
  
C:\Users\USER\Documents\data-structure-lab-2026-4\Lec10_Graph\Lec10_Graph\WGraphMST.h(17,53): error C2065: 'e': 선언되지 않은 식별자입니다.
  (소스 파일 'WGraphMST.cpp'을(를) 컴파일하는 중)
  
C:\Users\USER\Documents\data-structure-lab-2026-4\Lec10_Graph\Lec10_Graph\WGraphMST.h(17,43): error C3861: 'getVertex': 식별자를 찾을 수 없습니다.
  (소스 파일 'WGraphMST.cpp'을(를) 컴파일하는 중)
  
C:\Users\USER\Documents\data-structure-lab-2026-4\Lec10_Graph\Lec10_Graph\WGraphMST.h(17,65): error C2065: 'e': 선언되지 않은 식별자입니다.
  (소스 파일 'WGraphMST.cpp'을(를) 컴파일하는 중)
  
C:\Users\USER\Documents\data-structure-lab-2026-4\Lec10_Graph\Lec10_Graph\WGraphMST.h(18,17): error C2065: 'set': 선언되지 않은 식별자입니다.
  (소스 파일 'WGraphMST.cpp'을(를) 컴파일하는 중)
  
C:\Users\USER\Documents\data-structure-lab-2026-4\Lec10_Graph\Lec10_Graph\WGraphMST.cpp(4,1): warning C4326: 'main'의 반환 형식이 'int'이어야 하는데 'void'입니다.
C:\Users\USER\Documents\data-structure-lab-2026-4\Lec10_Graph\Lec10_Graph\WGraphMST.cpp(6,4): error C2039: 'load': 'WGraphMST'의 멤버가 아닙니다.
  C:\Users\USER\Documents\data-structure-lab-2026-4\Lec10_Graph\Lec10_Graph\WGraphMST.h(1,7):
  'WGraphMST' 선언을 참조하십시오.
  
C:\Users\USER\Documents\data-structure-lab-2026-4\Lec10_Graph\Lec10_Graph\WGraphMST.cpp(11,1): error C2143: 구문 오류: ';'이(가) '}' 앞에 없습니다.
C:\Users\USER\Documents\data-structure-lab-2026-4\Lec10_Graph\Lec10_Graph\WGraphMST.cpp(11,1): error C3867: 'WGraphMST::Kruskal': 비표준 구문입니다. '&'를 사용하여 멤버 포인터를 만드세요.
  코드를 생성하고 있습니다...
